// Vitest Snapshot v1, https://vitest.dev/guide/snapshot.html

exports[`formatListTable > renders aligned columns with borders 1`] = `
"┌───────────┬────────┬──────────────────────────────────────────────────┬─────────────┐
│ id        │ stage  │ title                                            │ tags        │
├───────────┼────────┼──────────────────────────────────────────────────┼─────────────┤
│ abc12     │ inbox  │ Short                                            │             │
├───────────┼────────┼──────────────────────────────────────────────────┼─────────────┤
│ xyz789012 │ drafts │ AAAAAAAAAAAAAAAAAAAAAAAAAAAAAAAAAAAAAAAAAAAAA... │ ai, writing │
└───────────┴────────┴──────────────────────────────────────────────────┴─────────────┘"
`;
